<html>
<body>
<pre>
<h1>µVision Build Log</h1>
<h2>Project:</h2>
C:\Users\qiufulin_no2\Desktop\W25Q64\Project\RVMDK£¨uv4£©\iSO-STM32.uvproj
Project File Date:  05/22/2018

<h2>Output:</h2>
Build target 'SPI£¨W25X16£©'
compiling main.c...
linking...
Program Size: Code=6476 RO-data=336 RW-data=40 ZI-data=1024  
FromELF: creating hex file...
"..\..\Output\Template.axf" - 0 Error(s), 0 Warning(s).
Load "..\\..\\Output\\Template.axf" 
Set JLink Project File to "C:\Users\qiufulin_no2\Desktop\W25Q64\Project\RVMDK£¨uv4£©\JLinkSettings.ini"
* JLink Info: Device "STM32F103ZE" selected.
 
JLink info:
------------
DLL: V5.02e, compiled Sep 25 2015 18:24:14
Firmware: J-Link ARM-OB STM32 compiled Aug 22 2012 19:52:04
Hardware: V7.00
S/N : 20090928 
Feature(s) : RDI,FlashDL,FlashBP,JFlash,GDBFull 
 
**JLink Warning: RESET (pin 15) high, but should be low. Please check target hardware.
**JLink Warning: RESET (pin 15) high, but should be low. Please check target hardware.
**JLink Warning: RESET (pin 15) high, but should be low. Please check target hardware.
**JLink Warning: RESET (pin 15) high, but should be low. Please check target hardware.
**JLink Warning: RESET (pin 15) high, but should be low. Please check target hardware.
**JLink Warning: RESET (pin 15) high, but should be low. Please check target hardware.
* JLink Info: STM32 (connect): Can not attach to CPU. Trying connect under reset.
**JLink Warning: RESET (pin 15) high, but should be low. Please check target hardware.
**JLink Warning: RESET (pin 15) high, but should be low. Please check target hardware.
***JLink Error: STM32: Connecting to CPU via connect under reset failed.
Error: Flash Download failed  -  Target DLL has been cancelled
Load "..\\..\\Output\\Template.axf" 
Set JLink Project File to "C:\Users\qiufulin_no2\Desktop\W25Q64\Project\RVMDK£¨uv4£©\JLinkSettings.ini"
* JLink Info: Device "STM32F103ZE" selected.
 
JLink info:
------------
DLL: V5.02e, compiled Sep 25 2015 18:24:14
Firmware: J-Link ARM-OB STM32 compiled Aug 22 2012 19:52:04
Hardware: V7.00
S/N : 20090928 
Feature(s) : RDI,FlashDL,FlashBP,JFlash,GDBFull 
 
* JLink Info: Found SWD-DP with ID 0x1BA01477
* JLink Info: Found SWD-DP with ID 0x1BA01477
* JLink Info: Found Cortex-M3 r1p1, Little endian.
* JLink Info: FPUnit: 6 code (BP) slots and 2 literal slots
* JLink Info: CoreSight components:
* JLink Info: ROMTbl 0 @ E00FF000
* JLink Info: ROMTbl 0 [0]: FFF0F000, CID: B105E00D, PID: 001BB000 SCS
* JLink Info: ROMTbl 0 [1]: FFF02000, CID: B105E00D, PID: 001BB002 DWT
* JLink Info: ROMTbl 0 [2]: FFF03000, CID: B105E00D, PID: 000BB003 FPB
* JLink Info: ROMTbl 0 [3]: FFF01000, CID: B105E00D, PID: 001BB001 ITM
* JLink Info: ROMTbl 0 [4]: FFF41000, CID: B105900D, PID: 001BB923 TPIU-Lite
ROMTableAddr = 0xE00FF003
 
Target info:
------------
Device: STM32F103ZE
VTarget = 3.300V
State of Pins: 
TCK: 0, TDI: 0, TDO: 1, TMS: 0, TRES: 1, TRST: 1
Hardware-Breakpoints: 6
Software-Breakpoints: 8192
Watchpoints:          4
JTAG speed: 4000 kHz
 
Full Chip Erase Done.
Programming Done.
Verify OK.
Application running ...
Load "..\\..\\Output\\Template.axf" 
Error: Flash Download failed  -  Target DLL has been cancelled
</pre>
</body>
</html>
